remove version tracking from a project cloned from git.
rm -rf .git*

git repositories:
https://escmstash.1dc.com/projects/FSAMMID

jira board: 
https://northhighland.atlassian.net/jira/software/projects/FGSB/boards/63

git commands:

//list new files:
git status
git ls-files -o  --exclude-standard --full-name

//revert file back to previous version.
git checkout head!2 pom.xml
git commit
git push


Deleting local branches in Git:
$ git branch -d feature/branch-name

Deleting remote branches in Git:
$ git push origin --delete feature/branch-name


----Renaming Git Branch
Follow the steps below to rename a Local and Remote Git Branch:

Start by switching to the local branch which you want to rename:

$ git checkout <old_name>

Rename the local branch by typing:

$ git branch -m <new_name>

At this point, you have renamed the local branch.

If you’ve already pushed the <old_name> branch to the remote repository , perform the next steps to rename the remote branch.

Push the <new_name> local branch and reset the upstream branch:

$ git push origin -u <new_name>

Delete the <old_name> remote branch:

$ git push origin --delete <old_name>

That’s it. You have successfully renamed the local and remote Git branch.

-----Resolving merging conflicts

F24XVLM@LFDCBR9N733 MSYS /c/rding/workspace/rules-svc-middleware (feature/2225-put-deactivate-rule)
$ git pull
remote: Counting objects: 41, done.
remote: Compressing objects: 100% (29/29), done.
remote: Total 41 (delta 14), reused 0 (delta 0)
Unpacking objects: 100% (41/41), 12.31 KiB | 124.00 KiB/s, done.
From ssh://escmstash.1dc.com:7999/fsammid/rules-svc-middleware
   abf5e0d..6fa2224  develop    -> origin/develop
 * [new branch]      feature/generic_pipeline_update -> origin/feature/generic_pipeline_update
Already up to date.

F24XVLM@LFDCBR9N733 MSYS /c/rding/workspace/rules-svc-middleware (feature/2225-put-deactivate-rule)
$ git pull origin develop
From ssh://escmstash.1dc.com:7999/fsammid/rules-svc-middleware
 * branch            develop    -> FETCH_HEAD
Removing src/test/java/com/fiserv/eresmatch/rules/service/controller/BaseControllerTest.java
Auto-merging src/test/java/com/fiserv/eresmatch/rules/controller/UniversalRuleControllerTest.java
CONFLICT (content): Merge conflict in src/test/java/com/fiserv/eresmatch/rules/controller/UniversalRuleControllerTest.java
Automatic merge failed; fix conflicts and then commit the result.

F24XVLM@LFDCBR9N733 MSYS /c/rding/workspace/rules-svc-middleware (feature/2225-put-deactivate-rule|MERGING)

1) resolve the conflict in the STS.
2) then goto Team -> Ignore
3) check in the changes
4) conflict should be resolved.

https://support.atlassian.com/bitbucket-cloud/docs/resolve-merge-conflicts/


totally resync with remote git

This will remove all uncommitted changes and then pull:
$git reset --hard HEAD
$git pull


Apps Manager:
https://escmconfluence.1dc.com/pages/viewpage.action?pageId=520483646

https://apps.system.us-chd1-np2.1dc.com/


-Dspring.profiles.active=dev
-Dspring.profiles.active=local

CF_HOME

software center


CI/CD setup:
https://www.digitalocean.com/community/tutorials/how-to-set-up-continuous-integration-pipelines-with-concourse-ci-on-ubuntu-16-04


C:\Users\f24xvlm\Cloud Foundry>cf login
API endpoint: https://api.system.us-chd1-np2.1dc.com

AD Login>

AD Password>

C:\Users\f24xvlm\Cloud Foundry>cf login
API endpoint: https://api.system.us-chd1-np2.1dc.com

AD Login> f24xvlm

AD Password>
Authenticating...
OK

Targeted org G3BE_Recon_and_Rejects_FSAMMID

Select a space (or press enter to skip):
1. DEV
2. QA
3. UAT

Space> 1
Targeted space DEV

API endpoint:   https://api.system.us-chd1-np2.1dc.com (API version: 2.139.0)
User:           wanzun.ding@Fiserv.com
Org:            G3BE_Recon_and_Rejects_FSAMMID
Space:          DEV

C:\Users\f24xvlm\Cloud Foundry>cf apps
Getting apps in org G3BE_Recon_and_Rejects_FSAMMID / space DEV as f24xvlm...
OK

name                                 requested state   instances   memory   disk   urls
api-gateway                          started           1/1         1G       512M   pcf-api-gateway.apps.us-chd1-np2.1dc.com, pcf-datasource-service.apps.us-chd1-np2.1dc.com/v1/datasources/swagger-ui.html
api-gateway-service                  stopped           0/1         1G       512M   pcf-api-gateway-service.apps.us-chd1-np2.1dc.com
auto-notification-api                started           1/1         1G       512M   auto-notification-service.apps.us-chd1-np2.1dc.com
auto-notification-gateway            started           1/1         1G       512M   auto-notification-gateway.apps.us-chd1-np2.1dc.com
auto-notification-service-registry   started           1/1         1G       512M   auto-notification-service-registry.apps.us-chd1-np2.1dc.com
autofax_dev                          started           1/1         256M     512M   autofaxdev.apps.us-chd1-np2.1dc.com
autofax_ui                           stopped           0/1         2G       512M   autofaxui.apps.us-chd1-np2.1dc.com
datasource-service                   started           1/1         1G       512M   pcf-datasource-service.apps.us-chd1-np2.1dc.com, pcf-datasource-service.apps.us-chd1-np2.1dc.com/datasource-service/v1/swagger-ui.html
discovery-service                    started           1/1         1G       512M   pcf-discovery-service.apps.us-chd1-np2.1dc.com, discovery-service.apps.us-chd1-np2.1dc.com
eres-angular-demo-app-3              started           1/1         1G       512M   eres-angular-demo-app-3.apps.us-chd1-np2.1dc.com
eres-angular-demo-app-test-4         started           1/1         1G       512M   eres-angular-demo-app-test-4.apps.us-chd1-np2.1dc.com
eres-angular-demo-app-test-5         started           1/1         1G       512M   eres-angular-demo-app-test-5.apps.us-chd1-np2.1dc.com
erescash-frontend                    started           1/1         1G       512M   pcf-erescash-frontend.apps.us-chd1-np2.1dc.com, dev-pcf-erescash-frontend.apps.us-chd1-np2.1dc.com, test-pcf-erescash-frontend.apps.us-chd1-np2.1dc.com
eresmatch-frontend                   started           1/1         1G       512M   dev-pcf-eresmatch-frontend.apps.us-chd1-np2.1dc.com
eresReactServicePOC                  started           1/1         1G       512M   eresreactservicepoc.apps.us-chd1-np2.1dc.com
eresService                          started           1/1         1G       512M   eresservice.apps.us-chd1-np2.1dc.com
opcfapp                              started           1/1         1G       512M   opcfapp.apps.us-chd1-np2.1dc.com
queue-listener-svc                   started           1/1         1G       512M   pcf-queue-listener-svc.apps.us-chd1-np2.1dc.com
react_demo                           started           1/1         256M     512M   react-demo.apps.us-chd1-np2.1dc.com
react_dev                            stopped           0/1         256M     512M   react-dev.apps.us-chd1-np2.1dc.com
rules-service                        started           1/1         1G       512M   pcf-rules-service.apps.us-chd1-np2.1dc.com, pcf-rules-service.apps.us-chd1-np2.1dc.com/rules-service/v1/swagger-ui.html
udm_messaging_pool_scheduler         started           0/1         1G       512M
willitconnect                        started           1/1         1G       512M   willitconnectboad.apps.us-chd1-np2.1dc.com

C:\Users\f24xvlm\Cloud Foundry>cf ssh rules-service
vcap@4340a83b-d734-400f-7722-7ad2:~$ ls
app  deps  logs  profile.d  staging_info.yml  tmp
vcap@4340a83b-d734-400f-7722-7ad2:~$ exit
exit

C:\Users\f24xvlm\Cloud Foundry>cf logs rules-service
Retrieving logs for app rules-service in org G3BE_Recon_and_Rejects_FSAMMID / space DEV as f24xvlm...


////DB connection plan
DEV PCF to DEV DB
UAT PCF to CAT1 DB
CAT PCF to CAT2 DB
Prod PCF to Prod DB


-Dspring.profiles.active=local,user-info,api-security
